// Jest Snapshot v1, https://goo.gl/fbAQLP

exports[`MantineListInferencer should match the snapshot 1`] = `
<DocumentFragment>
  <div>
    <div
      class="mantine-ScrollArea-root mantine-jghxib"
      dir="ltr"
      style="position: relative; --radix-scroll-area-corner-width: 0px; --radix-scroll-area-corner-height: 0px;"
    >
      <style>
        [data-radix-scroll-area-viewport]{scrollbar-width:none;-ms-overflow-style:none;-webkit-overflow-scrolling:touch;}[data-radix-scroll-area-viewport]::-webkit-scrollbar{display:none}
      </style>
      <div
        class="mantine-xlwgkm mantine-ScrollArea-viewport"
        data-radix-scroll-area-viewport=""
        style="overflow-x: scroll; overflow-y: scroll;"
      >
        <div
          style="min-width: 100%; display: table;"
        >
          <div
            class="mantine-Paper-root mantine-Card-root mantine-xoj88x"
          >
            <div
              class="mantine-Group-root mantine-1dn2tzg"
            >
              <div
                class="mantine-Stack-root mantine-1xft3nm"
              >
                <h3
                  class="mantine-Text-root mantine-Title-root mantine-6hw97m"
                >
                  Posts
                </h3>
              </div>
              <div
                class="mantine-Group-root mantine-1g4q40w"
              />
            </div>
            <div
              class="mantine-1r0zdw0"
            >
              <table
                class="mantine-Table-root mantine-186fes1"
                data-hover="true"
              >
                <thead>
                  <tr>
                    <th>
                      Id
                    </th>
                    <th>
                      Title
                    </th>
                    <th>
                      Slug
                    </th>
                    <th>
                      Content
                    </th>
                    <th>
                      Hit
                    </th>
                    <th>
                      Category
                    </th>
                    <th>
                      User
                    </th>
                    <th>
                      Status
                    </th>
                    <th>
                      Status Color
                    </th>
                    <th>
                      Created At
                    </th>
                    <th>
                      Published At
                    </th>
                    <th>
                      Image
                    </th>
                    <th>
                      Tags
                    </th>
                    <th>
                      Language
                    </th>
                    <th>
                      Actions
                    </th>
                  </tr>
                </thead>
                <tbody>
                  <tr>
                    <td>
                      11
                    </td>
                    <td>
                      Nobis exercitationem officia quia est.
                    </td>
                    <td>
                      provident-culpa-facere
                    </td>
                    <td>
                      <p>
                        Non velit blanditiis optio quo quaerat nam aperiam. Odit tempore consequatur vol...
                      </p>
                    </td>
                    <td>
                      920557
                    </td>
                    <td>
                      Numquam Saepe Illo
                    </td>
                    <td>
                      Eriberto Leannon
                    </td>
                    <td>
                      draft
                    </td>
                    <td>
                      orange
                    </td>
                    <td>
                      <div
                        class="mantine-Text-root mantine-1pbxw0k"
                      >
                        04/02/2022
                      </div>
                    </td>
                    <td>
                      <div
                        class="mantine-Text-root mantine-1pbxw0k"
                      >
                        08/10/2021
                      </div>
                    </td>
                    <td>
                      <div
                        class="mantine-Group-root mantine-1g4q40w"
                      >
                        <div
                          class="mantine-Image-root mantine-r5ruyt"
                          style="width: 100%;"
                        >
                          <figure
                            class="mantine-11nhzn5 mantine-Image-figure"
                          >
                            <div
                              class="mantine-qqmv3w mantine-Image-imageWrapper"
                            >
                              <img
                                class="mantine-3y8yz3 mantine-Image-image"
                                src="http://loremflickr.com/640/480/abstract"
                                style="object-fit: cover; width: 100%; height: auto;"
                              />
                            </div>
                          </figure>
                        </div>
                      </div>
                    </td>
                    <td>
                      <div
                        class="mantine-Group-root mantine-1g4q40w"
                      >
                        <div
                          class="mantine-Chip-root mantine-15po0m8"
                        >
                          <input
                            class="mantine-106387w mantine-Chip-input"
                            id="mantine-r2"
                            type="checkbox"
                            value=""
                          />
                          <label
                            class="__mantine-ref-label mantine-543i07 mantine-Chip-label"
                            data-variant="outline"
                            for="mantine-r2"
                          >
                            Nobis Et Ut
                          </label>
                        </div>
                      </div>
                    </td>
                    <td>
                      2
                    </td>
                    <td>
                      <div
                        class="mantine-Group-root mantine-54g21i"
                      >
                        <a
                          class="mantine-Text-root mantine-Anchor-root mantine-1ut1du9"
                          href="/posts/show/11"
                        >
                          <button
                            class="mantine-UnstyledButton-root mantine-ActionIcon-root mantine-1a20nyr"
                            title=""
                            type="button"
                          >
                            <svg
                              class="icon icon-tabler icon-tabler-eye"
                              fill="none"
                              height="18"
                              stroke="currentColor"
                              stroke-linecap="round"
                              stroke-linejoin="round"
                              stroke-width="2"
                              viewBox="0 0 24 24"
                              width="18"
                              xmlns="http://www.w3.org/2000/svg"
                            >
                              <path
                                d="M0 0h24v24H0z"
                                fill="none"
                                stroke="none"
                              />
                              <circle
                                cx="12"
                                cy="12"
                                r="2"
                              />
                              <path
                                d="M22 12c-2.667 4.667 -6 7 -10 7s-7.333 -2.333 -10 -7c2.667 -4.667 6 -7 10 -7s7.333 2.333 10 7"
                              />
                            </svg>
                          </button>
                        </a>
                        <a
                          class="mantine-Text-root mantine-Anchor-root mantine-1ut1du9"
                          href="/posts/edit/11"
                        >
                          <button
                            class="mantine-UnstyledButton-root mantine-ActionIcon-root mantine-1a20nyr"
                            title=""
                            type="button"
                          >
                            <svg
                              class="icon icon-tabler icon-tabler-pencil"
                              fill="none"
                              height="18"
                              stroke="currentColor"
                              stroke-linecap="round"
                              stroke-linejoin="round"
                              stroke-width="2"
                              viewBox="0 0 24 24"
                              width="18"
                              xmlns="http://www.w3.org/2000/svg"
                            >
                              <path
                                d="M0 0h24v24H0z"
                                fill="none"
                                stroke="none"
                              />
                              <path
                                d="M4 20h4l10.5 -10.5a1.5 1.5 0 0 0 -4 -4l-10.5 10.5v4"
                              />
                              <line
                                x1="13.5"
                                x2="17.5"
                                y1="6.5"
                                y2="10.5"
                              />
                            </svg>
                          </button>
                        </a>
                        <button
                          aria-controls="mantine-r3-dropdown"
                          aria-expanded="false"
                          aria-haspopup="dialog"
                          class="mantine-UnstyledButton-root mantine-ActionIcon-root mantine-b5no9e"
                          id="mantine-r3-target"
                          type="button"
                        >
                          <svg
                            class="icon icon-tabler icon-tabler-trash"
                            fill="none"
                            height="18"
                            stroke="currentColor"
                            stroke-linecap="round"
                            stroke-linejoin="round"
                            stroke-width="2"
                            viewBox="0 0 24 24"
                            width="18"
                            xmlns="http://www.w3.org/2000/svg"
                          >
                            <path
                              d="M0 0h24v24H0z"
                              fill="none"
                              stroke="none"
                            />
                            <line
                              x1="4"
                              x2="20"
                              y1="7"
                              y2="7"
                            />
                            <line
                              x1="10"
                              x2="10"
                              y1="11"
                              y2="17"
                            />
                            <line
                              x1="14"
                              x2="14"
                              y1="11"
                              y2="17"
                            />
                            <path
                              d="M5 7l1 12a2 2 0 0 0 2 2h8a2 2 0 0 0 2 -2l1 -12"
                            />
                            <path
                              d="M9 7v-3a1 1 0 0 1 1 -1h4a1 1 0 0 1 1 1v3"
                            />
                          </svg>
                        </button>
                      </div>
                    </td>
                  </tr>
                  <tr>
                    <td>
                      21
                    </td>
                    <td>
                      Eaque in nesciunt.
                    </td>
                    <td>
                      quod-quos-commodi
                    </td>
                    <td>
                      <p>
                        Ut velit quo. Sed beatae et sit ea. Perferendis pariatur doloremque deleniti sap...
                      </p>
                    </td>
                    <td>
                      175149
                    </td>
                    <td>
                      Sit Natus Voluptatibus
                    </td>
                    <td>
                      Tressie Reichel
                    </td>
                    <td>
                      published
                    </td>
                    <td>
                      lime
                    </td>
                    <td>
                      <div
                        class="mantine-Text-root mantine-1pbxw0k"
                      >
                        09/24/2022
                      </div>
                    </td>
                    <td>
                      <div
                        class="mantine-Text-root mantine-1pbxw0k"
                      >
                        09/01/2021
                      </div>
                    </td>
                    <td>
                      <div
                        class="mantine-Group-root mantine-1g4q40w"
                      >
                        <div
                          class="mantine-Image-root mantine-r5ruyt"
                          style="width: 100%;"
                        >
                          <figure
                            class="mantine-11nhzn5 mantine-Image-figure"
                          >
                            <div
                              class="mantine-qqmv3w mantine-Image-imageWrapper"
                            >
                              <img
                                class="mantine-3y8yz3 mantine-Image-image"
                                src="http://loremflickr.com/640/480/abstract"
                                style="object-fit: cover; width: 100%; height: auto;"
                              />
                            </div>
                          </figure>
                        </div>
                      </div>
                    </td>
                    <td>
                      <div
                        class="mantine-Group-root mantine-1g4q40w"
                      >
                        <div
                          class="mantine-Chip-root mantine-15po0m8"
                        >
                          <input
                            class="mantine-106387w mantine-Chip-input"
                            id="mantine-r4"
                            type="checkbox"
                            value=""
                          />
                          <label
                            class="__mantine-ref-label mantine-543i07 mantine-Chip-label"
                            data-variant="outline"
                            for="mantine-r4"
                          >
                            Error Eos Et
                          </label>
                        </div>
                        <div
                          class="mantine-Chip-root mantine-15po0m8"
                        >
                          <input
                            class="mantine-106387w mantine-Chip-input"
                            id="mantine-r5"
                            type="checkbox"
                            value=""
                          />
                          <label
                            class="__mantine-ref-label mantine-543i07 mantine-Chip-label"
                            data-variant="outline"
                            for="mantine-r5"
                          >
                            Nobis Et Ut
                          </label>
                        </div>
                      </div>
                    </td>
                    <td>
                      2
                    </td>
                    <td>
                      <div
                        class="mantine-Group-root mantine-54g21i"
                      >
                        <a
                          class="mantine-Text-root mantine-Anchor-root mantine-1ut1du9"
                          href="/posts/show/21"
                        >
                          <button
                            class="mantine-UnstyledButton-root mantine-ActionIcon-root mantine-1a20nyr"
                            title=""
                            type="button"
                          >
                            <svg
                              class="icon icon-tabler icon-tabler-eye"
                              fill="none"
                              height="18"
                              stroke="currentColor"
                              stroke-linecap="round"
                              stroke-linejoin="round"
                              stroke-width="2"
                              viewBox="0 0 24 24"
                              width="18"
                              xmlns="http://www.w3.org/2000/svg"
                            >
                              <path
                                d="M0 0h24v24H0z"
                                fill="none"
                                stroke="none"
                              />
                              <circle
                                cx="12"
                                cy="12"
                                r="2"
                              />
                              <path
                                d="M22 12c-2.667 4.667 -6 7 -10 7s-7.333 -2.333 -10 -7c2.667 -4.667 6 -7 10 -7s7.333 2.333 10 7"
                              />
                            </svg>
                          </button>
                        </a>
                        <a
                          class="mantine-Text-root mantine-Anchor-root mantine-1ut1du9"
                          href="/posts/edit/21"
                        >
                          <button
                            class="mantine-UnstyledButton-root mantine-ActionIcon-root mantine-1a20nyr"
                            title=""
                            type="button"
                          >
                            <svg
                              class="icon icon-tabler icon-tabler-pencil"
                              fill="none"
                              height="18"
                              stroke="currentColor"
                              stroke-linecap="round"
                              stroke-linejoin="round"
                              stroke-width="2"
                              viewBox="0 0 24 24"
                              width="18"
                              xmlns="http://www.w3.org/2000/svg"
                            >
                              <path
                                d="M0 0h24v24H0z"
                                fill="none"
                                stroke="none"
                              />
                              <path
                                d="M4 20h4l10.5 -10.5a1.5 1.5 0 0 0 -4 -4l-10.5 10.5v4"
                              />
                              <line
                                x1="13.5"
                                x2="17.5"
                                y1="6.5"
                                y2="10.5"
                              />
                            </svg>
                          </button>
                        </a>
                        <button
                          aria-controls="mantine-r6-dropdown"
                          aria-expanded="false"
                          aria-haspopup="dialog"
                          class="mantine-UnstyledButton-root mantine-ActionIcon-root mantine-b5no9e"
                          id="mantine-r6-target"
                          type="button"
                        >
                          <svg
                            class="icon icon-tabler icon-tabler-trash"
                            fill="none"
                            height="18"
                            stroke="currentColor"
                            stroke-linecap="round"
                            stroke-linejoin="round"
                            stroke-width="2"
                            viewBox="0 0 24 24"
                            width="18"
                            xmlns="http://www.w3.org/2000/svg"
                          >
                            <path
                              d="M0 0h24v24H0z"
                              fill="none"
                              stroke="none"
                            />
                            <line
                              x1="4"
                              x2="20"
                              y1="7"
                              y2="7"
                            />
                            <line
                              x1="10"
                              x2="10"
                              y1="11"
                              y2="17"
                            />
                            <line
                              x1="14"
                              x2="14"
                              y1="11"
                              y2="17"
                            />
                            <path
                              d="M5 7l1 12a2 2 0 0 0 2 2h8a2 2 0 0 0 2 -2l1 -12"
                            />
                            <path
                              d="M9 7v-3a1 1 0 0 1 1 -1h4a1 1 0 0 1 1 1v3"
                            />
                          </svg>
                        </button>
                      </div>
                    </td>
                  </tr>
                </tbody>
              </table>
              <br />
              <div
                class="mantine-Group-root mantine-uemwr9"
                role="navigation"
              >
                <button
                  aria-disabled="true"
                  class="mantine-109t3tn mantine-Pagination-item"
                  disabled=""
                  type="button"
                >
                  <svg
                    fill="none"
                    height="16"
                    viewBox="0 0 16 16"
                    width="16"
                    xmlns="http://www.w3.org/2000/svg"
                  >
                    <path
                      d="M7.219 8l3.3 3.3-.943.943L5.333 8l4.243-4.243.943.943-3.3 3.3z"
                      fill="currentColor"
                    />
                  </svg>
                </button>
                <button
                  aria-current="page"
                  class="mantine-109t3tn mantine-Pagination-item"
                  data-active="true"
                  tabindex="0"
                  type="button"
                >
                  1
                </button>
                <button
                  aria-disabled="true"
                  class="mantine-109t3tn mantine-Pagination-item"
                  disabled=""
                  type="button"
                >
                  <svg
                    fill="none"
                    height="16"
                    viewBox="0 0 16 16"
                    width="16"
                    xmlns="http://www.w3.org/2000/svg"
                  >
                    <path
                      d="M8.781 8l-3.3-3.3.943-.943L10.667 8l-4.243 4.243-.943-.943 3.3-3.3z"
                      fill="currentColor"
                    />
                  </svg>
                </button>
              </div>
            </div>
          </div>
        </div>
      </div>
    </div>
  </div>
</DocumentFragment>
`;
