// Jest Snapshot v1, https://goo.gl/fbAQLP

exports[`<List/> JSON Rest Server renders given data 1`] = `
<div>
  <div
    class="MuiPaper-root MuiPaper-elevation MuiPaper-rounded MuiPaper-elevation1 MuiCard-root css-bhp9pd-MuiPaper-root-MuiCard-root"
  >
    <div
      class="MuiCardHeader-root css-185gdzj-MuiCardHeader-root"
    >
      <div
        class="MuiCardHeader-content css-1qbkelo-MuiCardHeader-content"
      >
        <span
          class="MuiTypography-root MuiTypography-h5 MuiCardHeader-title css-1qvr50w-MuiTypography-root"
        >
          Posts
        </span>
      </div>
    </div>
    <div
      class="MuiCardContent-root css-46bh2p-MuiCardContent-root"
    >
      <table
        class="MuiTable-root css-rqglhn-MuiTable-root"
      >
        <tr
          class="MuiTableRow-root css-1q1u3t4-MuiTableRow-root"
        />
      </table>
    </div>
  </div>
</div>
`;
