// Jest Snapshot v1, https://goo.gl/fbAQLP

exports[`ChakraListInferencer should match the snapshot 1`] = `
<DocumentFragment>
  <div>
    <div
      class="css-1kekcgk"
    >
      <div
        class="css-15izviv"
      >
        <div
          class="css-gqssyb"
        >
          <h3
            class="chakra-heading css-0"
          >
            Posts
          </h3>
        </div>
        <div
          class="css-i08qke"
        />
      </div>
      <div
        class="css-0"
      >
        <div
          class="chakra-table__container css-1opj2lu"
        >
          <table
            class="chakra-table css-0"
          >
            <thead
              class="css-0"
            >
              <tr
                class="css-0"
              >
                <th
                  class="css-0"
                >
                  Id
                </th>
                <th
                  class="css-0"
                >
                  Title
                </th>
                <th
                  class="css-0"
                >
                  Slug
                </th>
                <th
                  class="css-0"
                >
                  Content
                </th>
                <th
                  class="css-0"
                >
                  Hit
                </th>
                <th
                  class="css-0"
                >
                  Category
                </th>
                <th
                  class="css-0"
                >
                  User
                </th>
                <th
                  class="css-0"
                >
                  Status
                </th>
                <th
                  class="css-0"
                >
                  Status Color
                </th>
                <th
                  class="css-0"
                >
                  Created At
                </th>
                <th
                  class="css-0"
                >
                  Published At
                </th>
                <th
                  class="css-0"
                >
                  Image
                </th>
                <th
                  class="css-0"
                >
                  Tags
                </th>
                <th
                  class="css-0"
                >
                  Language
                </th>
                <th
                  class="css-0"
                >
                  Actions
                </th>
              </tr>
            </thead>
            <tbody
              class="css-0"
            >
              <tr
                class="css-0"
              >
                <td
                  class="css-0"
                >
                  11
                </td>
                <td
                  class="css-0"
                >
                  Nobis exercitationem officia quia est.
                </td>
                <td
                  class="css-0"
                >
                  provident-culpa-facere
                </td>
                <td
                  class="css-0"
                >
                  <p>
                    Non velit blanditiis optio quo quaerat nam aperiam. Odit tempore consequatur vol...
                  </p>
                </td>
                <td
                  class="css-0"
                >
                  920557
                </td>
                <td
                  class="css-0"
                >
                  Numquam Saepe Illo
                </td>
                <td
                  class="css-0"
                >
                  Eriberto Leannon
                </td>
                <td
                  class="css-0"
                >
                  draft
                </td>
                <td
                  class="css-0"
                >
                  orange
                </td>
                <td
                  class="css-0"
                >
                  <p
                    class="chakra-text css-0"
                  >
                    04/02/2022
                  </p>
                </td>
                <td
                  class="css-0"
                >
                  <p
                    class="chakra-text css-0"
                  >
                    08/10/2021
                  </p>
                </td>
                <td
                  class="css-0"
                >
                  <div
                    class="chakra-stack css-84zodg"
                  >
                    <img
                      class="chakra-image css-1cooswl"
                      src="http://loremflickr.com/640/480/abstract"
                    />
                  </div>
                </td>
                <td
                  class="css-0"
                >
                  <div
                    class="chakra-stack css-84zodg"
                  >
                    <span
                      class="css-1qm7lvz"
                    >
                      Nobis Et Ut
                    </span>
                  </div>
                </td>
                <td
                  class="css-0"
                >
                  2
                </td>
                <td
                  class="css-0"
                >
                  <div
                    class="chakra-stack css-84zodg"
                  >
                    <a
                      href="/posts/show/11"
                    >
                      <button
                        aria-label="Show"
                        class="chakra-button css-p7mkev"
                        title=""
                        type="button"
                      >
                        <svg
                          aria-hidden="true"
                          class="icon icon-tabler icon-tabler-eye"
                          fill="none"
                          focusable="false"
                          height="20"
                          stroke="currentColor"
                          stroke-linecap="round"
                          stroke-linejoin="round"
                          stroke-width="2"
                          viewBox="0 0 24 24"
                          width="20"
                          xmlns="http://www.w3.org/2000/svg"
                        >
                          <path
                            d="M0 0h24v24H0z"
                            fill="none"
                            stroke="none"
                          />
                          <circle
                            cx="12"
                            cy="12"
                            r="2"
                          />
                          <path
                            d="M22 12c-2.667 4.667 -6 7 -10 7s-7.333 -2.333 -10 -7c2.667 -4.667 6 -7 10 -7s7.333 2.333 10 7"
                          />
                        </svg>
                      </button>
                    </a>
                    <a
                      href="/posts/edit/11"
                    >
                      <button
                        aria-label="Edit"
                        class="chakra-button css-p7mkev"
                        title=""
                        type="button"
                      >
                        <svg
                          aria-hidden="true"
                          class="icon icon-tabler icon-tabler-pencil"
                          fill="none"
                          focusable="false"
                          height="20"
                          stroke="currentColor"
                          stroke-linecap="round"
                          stroke-linejoin="round"
                          stroke-width="2"
                          viewBox="0 0 24 24"
                          width="20"
                          xmlns="http://www.w3.org/2000/svg"
                        >
                          <path
                            d="M0 0h24v24H0z"
                            fill="none"
                            stroke="none"
                          />
                          <path
                            d="M4 20h4l10.5 -10.5a1.5 1.5 0 0 0 -4 -4l-10.5 10.5v4"
                          />
                          <line
                            x1="13.5"
                            x2="17.5"
                            y1="6.5"
                            y2="10.5"
                          />
                        </svg>
                      </button>
                    </a>
                    <button
                      aria-controls="popover-content-:r6:"
                      aria-expanded="false"
                      aria-haspopup="dialog"
                      aria-label="Edit"
                      class="chakra-button css-p7mkev"
                      id="popover-trigger-:r6:"
                      type="button"
                    >
                      <svg
                        aria-hidden="true"
                        class="icon icon-tabler icon-tabler-trash"
                        fill="none"
                        focusable="false"
                        height="20"
                        stroke="currentColor"
                        stroke-linecap="round"
                        stroke-linejoin="round"
                        stroke-width="2"
                        viewBox="0 0 24 24"
                        width="20"
                        xmlns="http://www.w3.org/2000/svg"
                      >
                        <path
                          d="M0 0h24v24H0z"
                          fill="none"
                          stroke="none"
                        />
                        <line
                          x1="4"
                          x2="20"
                          y1="7"
                          y2="7"
                        />
                        <line
                          x1="10"
                          x2="10"
                          y1="11"
                          y2="17"
                        />
                        <line
                          x1="14"
                          x2="14"
                          y1="11"
                          y2="17"
                        />
                        <path
                          d="M5 7l1 12a2 2 0 0 0 2 2h8a2 2 0 0 0 2 -2l1 -12"
                        />
                        <path
                          d="M9 7v-3a1 1 0 0 1 1 -1h4a1 1 0 0 1 1 1v3"
                        />
                      </svg>
                    </button>
                    <div
                      class="chakra-popover__popper css-0"
                      style="visibility: hidden; position: absolute; min-width: max-content; inset: 0 auto auto 0;"
                    >
                      <section
                        class="chakra-popover__content css-1ab1jlb"
                        id="popover-content-:r6:"
                        role="dialog"
                        style="transform-origin: var(--popper-transform-origin); opacity: 0; visibility: hidden; transform: scale(0.95) translateZ(0);"
                        tabindex="-1"
                      />
                    </div>
                  </div>
                </td>
              </tr>
              <tr
                class="css-0"
              >
                <td
                  class="css-0"
                >
                  21
                </td>
                <td
                  class="css-0"
                >
                  Eaque in nesciunt.
                </td>
                <td
                  class="css-0"
                >
                  quod-quos-commodi
                </td>
                <td
                  class="css-0"
                >
                  <p>
                    Ut velit quo. Sed beatae et sit ea. Perferendis pariatur doloremque deleniti sap...
                  </p>
                </td>
                <td
                  class="css-0"
                >
                  175149
                </td>
                <td
                  class="css-0"
                >
                  Sit Natus Voluptatibus
                </td>
                <td
                  class="css-0"
                >
                  Tressie Reichel
                </td>
                <td
                  class="css-0"
                >
                  published
                </td>
                <td
                  class="css-0"
                >
                  lime
                </td>
                <td
                  class="css-0"
                >
                  <p
                    class="chakra-text css-0"
                  >
                    09/24/2022
                  </p>
                </td>
                <td
                  class="css-0"
                >
                  <p
                    class="chakra-text css-0"
                  >
                    09/01/2021
                  </p>
                </td>
                <td
                  class="css-0"
                >
                  <div
                    class="chakra-stack css-84zodg"
                  >
                    <img
                      class="chakra-image css-1cooswl"
                      src="http://loremflickr.com/640/480/abstract"
                    />
                  </div>
                </td>
                <td
                  class="css-0"
                >
                  <div
                    class="chakra-stack css-84zodg"
                  >
                    <span
                      class="css-1qm7lvz"
                    >
                      Error Eos Et
                    </span>
                    <span
                      class="css-1qm7lvz"
                    >
                      Nobis Et Ut
                    </span>
                  </div>
                </td>
                <td
                  class="css-0"
                >
                  2
                </td>
                <td
                  class="css-0"
                >
                  <div
                    class="chakra-stack css-84zodg"
                  >
                    <a
                      href="/posts/show/21"
                    >
                      <button
                        aria-label="Show"
                        class="chakra-button css-p7mkev"
                        title=""
                        type="button"
                      >
                        <svg
                          aria-hidden="true"
                          class="icon icon-tabler icon-tabler-eye"
                          fill="none"
                          focusable="false"
                          height="20"
                          stroke="currentColor"
                          stroke-linecap="round"
                          stroke-linejoin="round"
                          stroke-width="2"
                          viewBox="0 0 24 24"
                          width="20"
                          xmlns="http://www.w3.org/2000/svg"
                        >
                          <path
                            d="M0 0h24v24H0z"
                            fill="none"
                            stroke="none"
                          />
                          <circle
                            cx="12"
                            cy="12"
                            r="2"
                          />
                          <path
                            d="M22 12c-2.667 4.667 -6 7 -10 7s-7.333 -2.333 -10 -7c2.667 -4.667 6 -7 10 -7s7.333 2.333 10 7"
                          />
                        </svg>
                      </button>
                    </a>
                    <a
                      href="/posts/edit/21"
                    >
                      <button
                        aria-label="Edit"
                        class="chakra-button css-p7mkev"
                        title=""
                        type="button"
                      >
                        <svg
                          aria-hidden="true"
                          class="icon icon-tabler icon-tabler-pencil"
                          fill="none"
                          focusable="false"
                          height="20"
                          stroke="currentColor"
                          stroke-linecap="round"
                          stroke-linejoin="round"
                          stroke-width="2"
                          viewBox="0 0 24 24"
                          width="20"
                          xmlns="http://www.w3.org/2000/svg"
                        >
                          <path
                            d="M0 0h24v24H0z"
                            fill="none"
                            stroke="none"
                          />
                          <path
                            d="M4 20h4l10.5 -10.5a1.5 1.5 0 0 0 -4 -4l-10.5 10.5v4"
                          />
                          <line
                            x1="13.5"
                            x2="17.5"
                            y1="6.5"
                            y2="10.5"
                          />
                        </svg>
                      </button>
                    </a>
                    <button
                      aria-controls="popover-content-:r8:"
                      aria-expanded="false"
                      aria-haspopup="dialog"
                      aria-label="Edit"
                      class="chakra-button css-p7mkev"
                      id="popover-trigger-:r8:"
                      type="button"
                    >
                      <svg
                        aria-hidden="true"
                        class="icon icon-tabler icon-tabler-trash"
                        fill="none"
                        focusable="false"
                        height="20"
                        stroke="currentColor"
                        stroke-linecap="round"
                        stroke-linejoin="round"
                        stroke-width="2"
                        viewBox="0 0 24 24"
                        width="20"
                        xmlns="http://www.w3.org/2000/svg"
                      >
                        <path
                          d="M0 0h24v24H0z"
                          fill="none"
                          stroke="none"
                        />
                        <line
                          x1="4"
                          x2="20"
                          y1="7"
                          y2="7"
                        />
                        <line
                          x1="10"
                          x2="10"
                          y1="11"
                          y2="17"
                        />
                        <line
                          x1="14"
                          x2="14"
                          y1="11"
                          y2="17"
                        />
                        <path
                          d="M5 7l1 12a2 2 0 0 0 2 2h8a2 2 0 0 0 2 -2l1 -12"
                        />
                        <path
                          d="M9 7v-3a1 1 0 0 1 1 -1h4a1 1 0 0 1 1 1v3"
                        />
                      </svg>
                    </button>
                    <div
                      class="chakra-popover__popper css-0"
                      style="visibility: hidden; position: absolute; min-width: max-content; inset: 0 auto auto 0;"
                    >
                      <section
                        class="chakra-popover__content css-1ab1jlb"
                        id="popover-content-:r8:"
                        role="dialog"
                        style="transform-origin: var(--popper-transform-origin); opacity: 0; visibility: hidden; transform: scale(0.95) translateZ(0);"
                        tabindex="-1"
                      />
                    </div>
                  </div>
                </td>
              </tr>
            </tbody>
          </table>
        </div>
        <div
          class="css-1bvc4cc"
        >
          <div
            class="chakra-stack css-142j3rd"
          >
            <button
              class="chakra-button css-4xx2wk"
              type="button"
            >
              1
            </button>
          </div>
        </div>
      </div>
    </div>
  </div>
  <div
    class="css-1x21b2v"
  >
    <div
      class="chakra-stack css-1qwdsol"
    >
      <button
        class="chakra-button css-4xx2wk"
        type="button"
      >
        <span
          class="chakra-button__icon css-1wh2kri"
        >
          <svg
            aria-hidden="true"
            class="icon icon-tabler icon-tabler-code"
            fill="none"
            focusable="false"
            height="18"
            stroke="currentColor"
            stroke-linecap="round"
            stroke-linejoin="round"
            stroke-width="2"
            viewBox="0 0 24 24"
            width="18"
            xmlns="http://www.w3.org/2000/svg"
          >
            <path
              d="M0 0h24v24H0z"
              fill="none"
              stroke="none"
            />
            <polyline
              points="7 8 3 12 7 16"
            />
            <polyline
              points="17 8 21 12 17 16"
            />
            <line
              x1="14"
              x2="10"
              y1="4"
              y2="20"
            />
          </svg>
        </span>
        Show Code
      </button>
      <a
        class="chakra-button css-4xx2wk"
        href="https://github.com/refinedev/refine/issues"
        target="_blank"
      >
        <span
          class="chakra-button__icon css-1wh2kri"
        >
          <svg
            aria-hidden="true"
            class="icon icon-tabler icon-tabler-message-circle"
            fill="none"
            focusable="false"
            height="18"
            stroke="currentColor"
            stroke-linecap="round"
            stroke-linejoin="round"
            stroke-width="2"
            viewBox="0 0 24 24"
            width="18"
            xmlns="http://www.w3.org/2000/svg"
          >
            <path
              d="M0 0h24v24H0z"
              fill="none"
              stroke="none"
            />
            <path
              d="M3 20l1.3 -3.9a9 8 0 1 1 3.4 2.9l-4.7 1"
            />
            <line
              x1="12"
              x2="12"
              y1="12"
              y2="12.01"
            />
            <line
              x1="8"
              x2="8"
              y1="12"
              y2="12.01"
            />
            <line
              x1="16"
              x2="16"
              y1="12"
              y2="12.01"
            />
          </svg>
        </span>
        Give Feedback
      </a>
    </div>
  </div>
</DocumentFragment>
`;
